I'm sorry, but errors were detected in your script. Please correct the
errors listed below, and try again.


File "game/scripts/opener.rpy", line 228: Tab characters are not allowed in Ren'Py scripts.

Ren'Py Version: Ren'Py 7.3.5.606
Tue Aug 04 22:07:43 2020
